// Jest Snapshot v1, https://goo.gl/fbAQLP

exports[`Storyshots prenda-spark/Button Configurable Input 1`] = `
<button
  className="MuiButtonBase-root SparkButton-root SparkButton-variantSolid SparkButton-sizeMedium"
  disabled={false}
  onBlur={[Function]}
  onDragLeave={[Function]}
  onFocus={[Function]}
  onKeyDown={[Function]}
  onKeyUp={[Function]}
  onMouseDown={[Function]}
  onMouseLeave={[Function]}
  onMouseUp={[Function]}
  onTouchEnd={[Function]}
  onTouchMove={[Function]}
  onTouchStart={[Function]}
  tabIndex={0}
  type="button"
>
  <span
    className="SparkButton-content"
  >
    Label
  </span>
</button>
`;
