// Jest Snapshot v1, https://goo.gl/fbAQLP

exports[`Storyshots prenda-spark/Input Input Story 1`] = `
<div
  className="sc-dlfnbm byyMso"
>
  <div
    className="sc-hKgILt gQDLgb"
  >
    Input
  </div>
  <label
    className="MuiFormLabel-root MuiInputLabel-root WithStyles(ForwardRef(InputLabel))-root-4 MuiInputLabel-animated MuiInputLabel-shrink"
    data-shrink={true}
  >
    Input Label
  </label>
  <div
    className="MuiFormControl-root MuiTextField-root makeStyles-textarea-1 makeStyles-textarea-3"
  >
    <div
      className="MuiInputBase-root MuiInput-root MuiInputBase-formControl MuiInput-formControl"
      onClick={[Function]}
    >
      <input
        aria-invalid={false}
        autoFocus={true}
        className="MuiInputBase-input MuiInput-input makeStyles-textAreaResize-2"
        disabled={false}
        id="inputId1"
        onAnimationStart={[Function]}
        onBlur={[Function]}
        onChange={[Function]}
        onFocus={[Function]}
        required={false}
        type="text"
        value=""
      />
    </div>
  </div>
  <p
    className="MuiFormHelperText-root WithStyles(ForwardRef(FormHelperText))-root-5"
  >
    Optional Message
  </p>
  <div
    className="sc-hKgILt gQDLgb"
  >
    Input Large
  </div>
  <label
    className="MuiFormLabel-root MuiInputLabel-root WithStyles(ForwardRef(InputLabel))-root-4 MuiInputLabel-animated MuiInputLabel-shrink"
    data-shrink={true}
  >
    Input Label
  </label>
  <div
    className="MuiFormControl-root MuiTextField-root makeStyles-textarea-1 makeStyles-textarea-6"
  >
    <div
      className="MuiInputBase-root MuiInput-root MuiInputBase-formControl MuiInput-formControl MuiInputBase-multiline MuiInput-multiline"
      onClick={[Function]}
    >
      <textarea
        aria-invalid={false}
        autoFocus={true}
        className="MuiInputBase-input MuiInput-input makeStyles-textAreaResize-2 MuiInputBase-inputMultiline MuiInput-inputMultiline"
        disabled={false}
        id="inputId2"
        onAnimationStart={[Function]}
        onBlur={[Function]}
        onChange={[Function]}
        onFocus={[Function]}
        required={false}
        rows={6}
        value=""
      />
    </div>
  </div>
  <p
    className="MuiFormHelperText-root WithStyles(ForwardRef(FormHelperText))-root-5"
  >
    Optional Message
  </p>
  <div
    className="sc-hKgILt gQDLgb"
  >
    Input
  </div>
  <div
    className="sc-eCssSg dZztZM"
  >
    Typing 'e' to trigger the input's error state when it loses focus. Type any other characters to trigger input's success validation when it loses focus.
  </div>
  <label
    className="MuiFormLabel-root MuiInputLabel-root WithStyles(ForwardRef(InputLabel))-root-4 MuiInputLabel-animated MuiInputLabel-shrink"
    data-shrink={true}
  >
    Input Label
  </label>
  <div
    className="MuiFormControl-root MuiTextField-root makeStyles-textarea-1 makeStyles-textarea-7"
  >
    <div
      className="MuiInputBase-root MuiInput-root MuiInputBase-formControl MuiInput-formControl"
      onClick={[Function]}
    >
      <input
        aria-invalid={false}
        autoFocus={true}
        className="MuiInputBase-input MuiInput-input makeStyles-textAreaResize-2"
        disabled={false}
        id="inputId1"
        onAnimationStart={[Function]}
        onBlur={[Function]}
        onChange={[Function]}
        onFocus={[Function]}
        required={false}
        type="text"
        value=""
      />
    </div>
  </div>
  <p
    className="MuiFormHelperText-root WithStyles(ForwardRef(FormHelperText))-root-5"
  >
    Optional Message
  </p>
  <div
    className="sc-hKgILt gQDLgb"
  >
    Input Error
  </div>
  <div
    className="sc-eCssSg dZztZM"
  >
    Any value creates an error when input loses focus.
  </div>
  <label
    className="MuiFormLabel-root MuiInputLabel-root WithStyles(ForwardRef(InputLabel))-root-4 MuiInputLabel-animated MuiInputLabel-shrink"
    data-shrink={true}
  >
    Input Label
  </label>
  <div
    className="MuiFormControl-root MuiTextField-root makeStyles-textarea-1 makeStyles-textarea-8"
  >
    <div
      className="MuiInputBase-root MuiInput-root MuiInputBase-formControl MuiInput-formControl"
      onClick={[Function]}
    >
      <input
        aria-invalid={false}
        autoFocus={true}
        className="MuiInputBase-input MuiInput-input makeStyles-textAreaResize-2"
        disabled={false}
        id="inputId3"
        onAnimationStart={[Function]}
        onBlur={[Function]}
        onChange={[Function]}
        onFocus={[Function]}
        required={false}
        type="text"
        value=""
      />
    </div>
  </div>
  <p
    className="MuiFormHelperText-root WithStyles(ForwardRef(FormHelperText))-root-5"
  >
    Optional Message
  </p>
</div>
`;
