// Jest Snapshot v1, https://goo.gl/fbAQLP

exports[`Storyshots prenda-spark/Input Configurable Input 1`] = `
Array [
  <label
    className="MuiFormLabel-root MuiInputLabel-root MuiInputLabel-animated"
    htmlFor="sample"
  >
    Input label
  </label>,
  <div
    className="MuiInputBase-root MuiInput-root "
    onClick={[Function]}
  >
    <input
      className="MuiInputBase-input MuiInput-input"
      id="sample"
      onAnimationStart={[Function]}
      onBlur={[Function]}
      onChange={[Function]}
      onFocus={[Function]}
      placeholder="Placeholder"
      type="text"
    />
  </div>,
  <p
    className="MuiFormHelperText-root "
  >
    Optional message
  </p>,
]
`;
