// Jest Snapshot v1, https://goo.gl/fbAQLP

exports[`Storyshots prenda-spark/Menu Basic Menu 1`] = `
<div
  className="MuiFormControl-root"
  style={
    Object {
      "minWidth": 200,
    }
  }
>
  <label
    className="MuiFormLabel-root MuiInputLabel-root WithStyles(ForwardRef(InputLabel))-root-1 MuiInputLabel-formControl MuiInputLabel-animated MuiInputLabel-shrink"
    data-shrink={true}
    id="basic-menu-1"
  >
    Choose Label
  </label>
  <div
    className="MuiInputBase-root MuiInput-root MuiInputBase-formControl MuiInput-formControl"
    onClick={[Function]}
  >
    <div
      aria-haspopup="listbox"
      aria-labelledby="basic-menu-1"
      className="MuiSelect-root WithStyles(ForwardRef(Select))-root-2 MuiSelect-select MuiSelect-selectMenu MuiInputBase-input MuiInput-input"
      onBlur={[Function]}
      onFocus={[Function]}
      onKeyDown={[Function]}
      onMouseDown={[Function]}
      role="button"
      tabIndex={0}
    >
      <div
        className="sc-gsTCUz fDgzpk"
      >
        Choose an option
      </div>
    </div>
    <input
      aria-hidden={true}
      className="MuiSelect-nativeInput"
      name=""
      onAnimationStart={[Function]}
      onChange={[Function]}
      required={false}
      tabIndex={-1}
      value=""
    />
    <svg
      aria-hidden={true}
      className="MuiSvgIcon-root MuiSelect-icon"
      focusable="false"
      viewBox="0 0 24 24"
    >
      <path
        d="M7 10l5 5 5-5z"
      />
    </svg>
  </div>
  <p
    className="MuiFormHelperText-root WithStyles(ForwardRef(FormHelperText))-root-3"
  >
    Types of Food
  </p>
</div>
`;
