// Jest Snapshot v1, https://goo.gl/fbAQLP

exports[`Storyshots prenda-spark/Typography Configurable Typography 1`] = `
<p
  className="MuiTypography-root SparkTypography-root-1 SparkTypography-paragraph-lg-25 SparkTypography-textOnLight-6 MuiTypography-body1"
>
  When we allow students to own their education, connect them with quality learning tools, caring adults, and a community, their natural love of learning takes over and they become unstoppable.
</p>
`;

exports[`Storyshots prenda-spark/Typography Overview 1`] = `
<div
  className="sc-fubCfw gKwZDD"
>
  <div
    className="sc-pFZIQ eDWaPU"
  >
    <h4
      className="MuiTypography-root SparkTypography-root-31 SparkTypography-heading-lg-44 SparkTypography-textOnLight-36 MuiTypography-body1"
    >
      Display
    </h4>
    <hr />
    <div
      className="sc-jrAGrp Ztnvp"
    >
      <h6
        className="MuiTypography-root SparkTypography-root-31 SparkTypography-heading-sm-46 SparkTypography-tertiaryBlue2-38 pos-1 MuiTypography-body1"
      >
        Large
      </h6>
      <p
        className="MuiTypography-root SparkTypography-root-31 SparkTypography-paragraph-md-56 SparkTypography-tertiaryBlue2-38 pos-2 MuiTypography-body1"
      >
        64px/64px
        <br />
        Bold
      </p>
      <h1
        className="MuiTypography-root SparkTypography-root-31 SparkTypography-display-lg-39 SparkTypography-textOnLight-36 pos-3 MuiTypography-body1"
      >
        Empower learners everywhere
      </h1>
    </div>
    <div
      className="sc-jrAGrp Ztnvp"
    >
      <h6
        className="MuiTypography-root SparkTypography-root-31 SparkTypography-heading-sm-46 SparkTypography-tertiaryBlue2-38 pos-1 MuiTypography-body1"
      >
        Medium
      </h6>
      <p
        className="MuiTypography-root SparkTypography-root-31 SparkTypography-paragraph-md-56 SparkTypography-tertiaryBlue2-38 pos-2 MuiTypography-body1"
      >
        56px/56px
        <br />
        Bold
      </p>
      <h1
        className="MuiTypography-root SparkTypography-root-31 SparkTypography-display-md-40 SparkTypography-textOnLight-36 pos-3 MuiTypography-body1"
      >
        Empower learners everywhere
      </h1>
    </div>
    <div
      className="sc-jrAGrp Ztnvp"
    >
      <h6
        className="MuiTypography-root SparkTypography-root-31 SparkTypography-heading-sm-46 SparkTypography-tertiaryBlue2-38 pos-1 MuiTypography-body1"
      >
        Small
      </h6>
      <p
        className="MuiTypography-root SparkTypography-root-31 SparkTypography-paragraph-md-56 SparkTypography-tertiaryBlue2-38 pos-2 MuiTypography-body1"
      >
        48px/48px
        <br />
        Bold
      </p>
      <h1
        className="MuiTypography-root SparkTypography-root-31 SparkTypography-display-sm-41 SparkTypography-textOnLight-36 pos-3 MuiTypography-body1"
      >
        Empower learners everywhere
      </h1>
    </div>
  </div>
  <div
    className="sc-pFZIQ eDWaPU"
  >
    <h4
      className="MuiTypography-root SparkTypography-root-31 SparkTypography-heading-lg-44 SparkTypography-textOnLight-36 MuiTypography-body1"
    >
      Heading
    </h4>
    <hr />
    <div
      className="sc-jrAGrp Ztnvp"
    >
      <h6
        className="MuiTypography-root SparkTypography-root-31 SparkTypography-heading-sm-46 SparkTypography-tertiaryBlue2-38 pos-1 MuiTypography-body1"
      >
        XXLarge
      </h6>
      <p
        className="MuiTypography-root SparkTypography-root-31 SparkTypography-paragraph-md-56 SparkTypography-tertiaryBlue2-38 pos-2 MuiTypography-body1"
      >
        40px/40px
        <br />
        Medium
      </p>
      <h2
        className="MuiTypography-root SparkTypography-root-31 SparkTypography-heading-xxl-42 SparkTypography-textOnLight-36 pos-3 MuiTypography-body1"
      >
        Empower learners everywhere
      </h2>
    </div>
    <div
      className="sc-jrAGrp Ztnvp"
    >
      <h6
        className="MuiTypography-root SparkTypography-root-31 SparkTypography-heading-sm-46 SparkTypography-tertiaryBlue2-38 pos-1 MuiTypography-body1"
      >
        XLarge
      </h6>
      <p
        className="MuiTypography-root SparkTypography-root-31 SparkTypography-paragraph-md-56 SparkTypography-tertiaryBlue2-38 pos-2 MuiTypography-body1"
      >
        34px/34px
        <br />
        Medium
      </p>
      <h3
        className="MuiTypography-root SparkTypography-root-31 SparkTypography-heading-xl-43 SparkTypography-textOnLight-36 pos-3 MuiTypography-body1"
      >
        Empower learners everywhere
      </h3>
    </div>
    <div
      className="sc-jrAGrp Ztnvp"
    >
      <h6
        className="MuiTypography-root SparkTypography-root-31 SparkTypography-heading-sm-46 SparkTypography-tertiaryBlue2-38 pos-1 MuiTypography-body1"
      >
        Large
      </h6>
      <p
        className="MuiTypography-root SparkTypography-root-31 SparkTypography-paragraph-md-56 SparkTypography-tertiaryBlue2-38 pos-2 MuiTypography-body1"
      >
        28px/30px
        <br />
        Medium
      </p>
      <h4
        className="MuiTypography-root SparkTypography-root-31 SparkTypography-heading-lg-44 SparkTypography-textOnLight-36 pos-3 MuiTypography-body1"
      >
        Empower learners everywhere
      </h4>
    </div>
    <div
      className="sc-jrAGrp Ztnvp"
    >
      <h6
        className="MuiTypography-root SparkTypography-root-31 SparkTypography-heading-sm-46 SparkTypography-tertiaryBlue2-38 pos-1 MuiTypography-body1"
      >
        Medium
      </h6>
      <p
        className="MuiTypography-root SparkTypography-root-31 SparkTypography-paragraph-md-56 SparkTypography-tertiaryBlue2-38 pos-2 MuiTypography-body1"
      >
        24px/26px
        <br />
        Medium
      </p>
      <h5
        className="MuiTypography-root SparkTypography-root-31 SparkTypography-heading-md-45 SparkTypography-textOnLight-36 pos-3 MuiTypography-body1"
      >
        Empower learners everywhere
      </h5>
    </div>
    <div
      className="sc-jrAGrp Ztnvp"
    >
      <h6
        className="MuiTypography-root SparkTypography-root-31 SparkTypography-heading-sm-46 SparkTypography-tertiaryBlue2-38 pos-1 MuiTypography-body1"
      >
        Small
      </h6>
      <p
        className="MuiTypography-root SparkTypography-root-31 SparkTypography-paragraph-md-56 SparkTypography-tertiaryBlue2-38 pos-2 MuiTypography-body1"
      >
        20px/22px
        <br />
        Medium
      </p>
      <h6
        className="MuiTypography-root SparkTypography-root-31 SparkTypography-heading-sm-46 SparkTypography-textOnLight-36 pos-3 MuiTypography-body1"
      >
        Empower learners everywhere
      </h6>
    </div>
  </div>
  <div
    className="sc-pFZIQ eDWaPU"
  >
    <h4
      className="MuiTypography-root SparkTypography-root-31 SparkTypography-heading-lg-44 SparkTypography-textOnLight-36 MuiTypography-body1"
    >
      Small caps
    </h4>
    <hr />
    <div
      className="sc-jrAGrp Ztnvp"
    >
      <h6
        className="MuiTypography-root SparkTypography-root-31 SparkTypography-heading-sm-46 SparkTypography-tertiaryBlue2-38 pos-1 MuiTypography-body1"
      >
        Large
      </h6>
      <p
        className="MuiTypography-root SparkTypography-root-31 SparkTypography-paragraph-md-56 SparkTypography-tertiaryBlue2-38 pos-2 MuiTypography-body1"
      >
        16px/16px/10%
        <br />
        Condensed/Semibold
      </p>
      <span
        className="MuiTypography-root SparkTypography-root-31 SparkTypography-smallcaps-lg-47 SparkTypography-textOnLight-36 pos-3 MuiTypography-body1"
      >
        Passion to learn
      </span>
    </div>
    <div
      className="sc-jrAGrp Ztnvp"
    >
      <h6
        className="MuiTypography-root SparkTypography-root-31 SparkTypography-heading-sm-46 SparkTypography-tertiaryBlue2-38 pos-1 MuiTypography-body1"
      >
        Medium
      </h6>
      <p
        className="MuiTypography-root SparkTypography-root-31 SparkTypography-paragraph-md-56 SparkTypography-tertiaryBlue2-38 pos-2 MuiTypography-body1"
      >
        14px/14px/10%
        <br />
        Condensed/Semibold
      </p>
      <span
        className="MuiTypography-root SparkTypography-root-31 SparkTypography-smallcaps-md-48 SparkTypography-textOnLight-36 pos-3 MuiTypography-body1"
      >
        Passion to learn
      </span>
    </div>
    <div
      className="sc-jrAGrp Ztnvp"
    >
      <h6
        className="MuiTypography-root SparkTypography-root-31 SparkTypography-heading-sm-46 SparkTypography-tertiaryBlue2-38 pos-1 MuiTypography-body1"
      >
        Small
      </h6>
      <p
        className="MuiTypography-root SparkTypography-root-31 SparkTypography-paragraph-md-56 SparkTypography-tertiaryBlue2-38 pos-2 MuiTypography-body1"
      >
        12px/12px/10%
        <br />
        Condensed/Semibold
      </p>
      <span
        className="MuiTypography-root SparkTypography-root-31 SparkTypography-smallcaps-sm-49 SparkTypography-textOnLight-36 pos-3 MuiTypography-body1"
      >
        Passion to learn
      </span>
    </div>
  </div>
  <div
    className="sc-pFZIQ eDWaPU"
  >
    <h4
      className="MuiTypography-root SparkTypography-root-31 SparkTypography-heading-lg-44 SparkTypography-textOnLight-36 MuiTypography-body1"
    >
      Labels
    </h4>
    <hr />
    <div
      className="sc-jrAGrp Ztnvp"
    >
      <h6
        className="MuiTypography-root SparkTypography-root-31 SparkTypography-heading-sm-46 SparkTypography-tertiaryBlue2-38 pos-1 MuiTypography-body1"
      >
        XLarge
      </h6>
      <p
        className="MuiTypography-root SparkTypography-root-31 SparkTypography-paragraph-md-56 SparkTypography-tertiaryBlue2-38 pos-2 MuiTypography-body1"
      >
        18px/24px
        <br />
        Regular
      </p>
      <span
        className="MuiTypography-root SparkTypography-root-31 SparkTypography-label-xl-50 SparkTypography-textOnLight-36 pos-3 MuiTypography-body1"
      >
        Label
      </span>
    </div>
    <div
      className="sc-jrAGrp Ztnvp"
    >
      <h6
        className="MuiTypography-root SparkTypography-root-31 SparkTypography-heading-sm-46 SparkTypography-tertiaryBlue2-38 pos-1 MuiTypography-body1"
      >
        XLarge - Strong
      </h6>
      <p
        className="MuiTypography-root SparkTypography-root-31 SparkTypography-paragraph-md-56 SparkTypography-tertiaryBlue2-38 pos-2 MuiTypography-body1"
      >
        18px/24px
        <br />
        Medium
      </p>
      <span
        className="MuiTypography-root SparkTypography-root-31 SparkTypography-label-xl-50 SparkTypography-textOnLight-36 pos-3 MuiTypography-body1"
      >
        <strong>
          Label
        </strong>
      </span>
    </div>
    <div
      className="sc-jrAGrp Ztnvp"
    >
      <h6
        className="MuiTypography-root SparkTypography-root-31 SparkTypography-heading-sm-46 SparkTypography-tertiaryBlue2-38 pos-1 MuiTypography-body1"
      >
        Large
      </h6>
      <p
        className="MuiTypography-root SparkTypography-root-31 SparkTypography-paragraph-md-56 SparkTypography-tertiaryBlue2-38 pos-2 MuiTypography-body1"
      >
        16px/24px
        <br />
        Regular
      </p>
      <span
        className="MuiTypography-root SparkTypography-root-31 SparkTypography-label-lg-51 SparkTypography-textOnLight-36 pos-3 MuiTypography-body1"
      >
        Label
      </span>
    </div>
    <div
      className="sc-jrAGrp Ztnvp"
    >
      <h6
        className="MuiTypography-root SparkTypography-root-31 SparkTypography-heading-sm-46 SparkTypography-tertiaryBlue2-38 pos-1 MuiTypography-body1"
      >
        Large - Strong
      </h6>
      <p
        className="MuiTypography-root SparkTypography-root-31 SparkTypography-paragraph-md-56 SparkTypography-tertiaryBlue2-38 pos-2 MuiTypography-body1"
      >
        16px/24px
        <br />
        Medium
      </p>
      <span
        className="MuiTypography-root SparkTypography-root-31 SparkTypography-label-lg-51 SparkTypography-textOnLight-36 pos-3 MuiTypography-body1"
      >
        <strong>
          Label
        </strong>
      </span>
    </div>
    <div
      className="sc-jrAGrp Ztnvp"
    >
      <h6
        className="MuiTypography-root SparkTypography-root-31 SparkTypography-heading-sm-46 SparkTypography-tertiaryBlue2-38 pos-1 MuiTypography-body1"
      >
        Medium
      </h6>
      <p
        className="MuiTypography-root SparkTypography-root-31 SparkTypography-paragraph-md-56 SparkTypography-tertiaryBlue2-38 pos-2 MuiTypography-body1"
      >
        14px/20px
        <br />
        Regular
      </p>
      <span
        className="MuiTypography-root SparkTypography-root-31 SparkTypography-label-md-52 SparkTypography-textOnLight-36 pos-3 MuiTypography-body1"
      >
        Label
      </span>
    </div>
    <div
      className="sc-jrAGrp Ztnvp"
    >
      <h6
        className="MuiTypography-root SparkTypography-root-31 SparkTypography-heading-sm-46 SparkTypography-tertiaryBlue2-38 pos-1 MuiTypography-body1"
      >
        Medium - Strong
      </h6>
      <p
        className="MuiTypography-root SparkTypography-root-31 SparkTypography-paragraph-md-56 SparkTypography-tertiaryBlue2-38 pos-2 MuiTypography-body1"
      >
        14px/20px
        <br />
        Medium
      </p>
      <span
        className="MuiTypography-root SparkTypography-root-31 SparkTypography-label-md-52 SparkTypography-textOnLight-36 pos-3 MuiTypography-body1"
      >
        <strong>
          Label
        </strong>
      </span>
    </div>
    <div
      className="sc-jrAGrp Ztnvp"
    >
      <h6
        className="MuiTypography-root SparkTypography-root-31 SparkTypography-heading-sm-46 SparkTypography-tertiaryBlue2-38 pos-1 MuiTypography-body1"
      >
        Small
      </h6>
      <p
        className="MuiTypography-root SparkTypography-root-31 SparkTypography-paragraph-md-56 SparkTypography-tertiaryBlue2-38 pos-2 MuiTypography-body1"
      >
        12px/20px
        <br />
        Regular
      </p>
      <span
        className="MuiTypography-root SparkTypography-root-31 SparkTypography-label-sm-53 SparkTypography-textOnLight-36 pos-3 MuiTypography-body1"
      >
        Label
      </span>
    </div>
    <div
      className="sc-jrAGrp Ztnvp"
    >
      <h6
        className="MuiTypography-root SparkTypography-root-31 SparkTypography-heading-sm-46 SparkTypography-tertiaryBlue2-38 pos-1 MuiTypography-body1"
      >
        Small - Strong
      </h6>
      <p
        className="MuiTypography-root SparkTypography-root-31 SparkTypography-paragraph-md-56 SparkTypography-tertiaryBlue2-38 pos-2 MuiTypography-body1"
      >
        12px/20px
        <br />
        Medium
      </p>
      <span
        className="MuiTypography-root SparkTypography-root-31 SparkTypography-label-sm-53 SparkTypography-textOnLight-36 pos-3 MuiTypography-body1"
      >
        <strong>
          Label
        </strong>
      </span>
    </div>
  </div>
  <div
    className="sc-pFZIQ eDWaPU"
  >
    <h4
      className="MuiTypography-root SparkTypography-root-31 SparkTypography-heading-lg-44 SparkTypography-textOnLight-36 MuiTypography-body1"
    >
      Paragraph
    </h4>
    <hr />
    <div
      className="sc-jrAGrp Ztnvp"
    >
      <h6
        className="MuiTypography-root SparkTypography-root-31 SparkTypography-heading-sm-46 SparkTypography-tertiaryBlue2-38 pos-1 MuiTypography-body1"
      >
        XLarge
      </h6>
      <p
        className="MuiTypography-root SparkTypography-root-31 SparkTypography-paragraph-md-56 SparkTypography-tertiaryBlue2-38 pos-2 MuiTypography-body1"
      >
        18px/28px
        <br />
        Regular
      </p>
      <p
        className="MuiTypography-root SparkTypography-root-31 SparkTypography-paragraph-xl-54 SparkTypography-textOnLight-36 pos-3 MuiTypography-body1"
      >
        When we allow students to own their education, connect them with quality learning tools, caring adults, and a community, their natural love of learning takes over and they become unstoppable.
      </p>
    </div>
    <div
      className="sc-jrAGrp Ztnvp"
    >
      <h6
        className="MuiTypography-root SparkTypography-root-31 SparkTypography-heading-sm-46 SparkTypography-tertiaryBlue2-38 pos-1 MuiTypography-body1"
      >
        Large
      </h6>
      <p
        className="MuiTypography-root SparkTypography-root-31 SparkTypography-paragraph-md-56 SparkTypography-tertiaryBlue2-38 pos-2 MuiTypography-body1"
      >
        16px/24px
        <br />
        Regular
      </p>
      <p
        className="MuiTypography-root SparkTypography-root-31 SparkTypography-paragraph-lg-55 SparkTypography-textOnLight-36 pos-3 MuiTypography-body1"
      >
        When we allow students to own their education, connect them with quality learning tools, caring adults, and a community, their natural love of learning takes over and they become unstoppable.
      </p>
    </div>
    <div
      className="sc-jrAGrp Ztnvp"
    >
      <h6
        className="MuiTypography-root SparkTypography-root-31 SparkTypography-heading-sm-46 SparkTypography-tertiaryBlue2-38 pos-1 MuiTypography-body1"
      >
        Medium
      </h6>
      <p
        className="MuiTypography-root SparkTypography-root-31 SparkTypography-paragraph-md-56 SparkTypography-tertiaryBlue2-38 pos-2 MuiTypography-body1"
      >
        14px/20px
        <br />
        Regular
      </p>
      <p
        className="MuiTypography-root SparkTypography-root-31 SparkTypography-paragraph-md-56 SparkTypography-textOnLight-36 pos-3 MuiTypography-body1"
      >
        When we allow students to own their education, connect them with quality learning tools, caring adults, and a community, their natural love of learning takes over and they become unstoppable.
      </p>
    </div>
    <div
      className="sc-jrAGrp Ztnvp"
    >
      <h6
        className="MuiTypography-root SparkTypography-root-31 SparkTypography-heading-sm-46 SparkTypography-tertiaryBlue2-38 pos-1 MuiTypography-body1"
      >
        Small
      </h6>
      <p
        className="MuiTypography-root SparkTypography-root-31 SparkTypography-paragraph-md-56 SparkTypography-tertiaryBlue2-38 pos-2 MuiTypography-body1"
      >
        12px/18px
        <br />
        Regular
      </p>
      <p
        className="MuiTypography-root SparkTypography-root-31 SparkTypography-paragraph-sm-57 SparkTypography-textOnLight-36 pos-3 MuiTypography-body1"
      >
        When we allow students to own their education, connect them with quality learning tools, caring adults, and a community, their natural love of learning takes over and they become unstoppable.
      </p>
    </div>
  </div>
  <div
    className="sc-pFZIQ eDWaPU"
  >
    <h4
      className="MuiTypography-root SparkTypography-root-31 SparkTypography-heading-lg-44 SparkTypography-textOnLight-36 MuiTypography-body1"
    >
      Code
    </h4>
    <hr />
    <div
      className="sc-jrAGrp Ztnvp"
    >
      <h6
        className="MuiTypography-root SparkTypography-root-31 SparkTypography-heading-sm-46 SparkTypography-tertiaryBlue2-38 pos-1 MuiTypography-body1"
      >
        Large
      </h6>
      <p
        className="MuiTypography-root SparkTypography-root-31 SparkTypography-paragraph-md-56 SparkTypography-tertiaryBlue2-38 pos-2 MuiTypography-body1"
      >
        18px/28px
        <br />
        Regular
      </p>
      <pre
        className="MuiTypography-root SparkTypography-root-31 SparkTypography-code-lg-58 SparkTypography-textOnLight-36 pos-3 MuiTypography-body1"
      >
        &lt;script&gt;
  let mystring = 'abc123';
&lt;/script&gt;

&lt;h1&gt;This is {myString}&lt;/h1&gt;
      </pre>
    </div>
    <div
      className="sc-jrAGrp Ztnvp"
    >
      <h6
        className="MuiTypography-root SparkTypography-root-31 SparkTypography-heading-sm-46 SparkTypography-tertiaryBlue2-38 pos-1 MuiTypography-body1"
      >
        Medium
      </h6>
      <p
        className="MuiTypography-root SparkTypography-root-31 SparkTypography-paragraph-md-56 SparkTypography-tertiaryBlue2-38 pos-2 MuiTypography-body1"
      >
        16px/24px
        <br />
        Regular
      </p>
      <pre
        className="MuiTypography-root SparkTypography-root-31 SparkTypography-code-md-59 SparkTypography-textOnLight-36 pos-3 MuiTypography-body1"
      >
        &lt;script&gt;
  let mystring = 'abc123';
&lt;/script&gt;

&lt;h1&gt;This is {myString}&lt;/h1&gt;
      </pre>
    </div>
    <div
      className="sc-jrAGrp Ztnvp"
    >
      <h6
        className="MuiTypography-root SparkTypography-root-31 SparkTypography-heading-sm-46 SparkTypography-tertiaryBlue2-38 pos-1 MuiTypography-body1"
      >
        Small
      </h6>
      <p
        className="MuiTypography-root SparkTypography-root-31 SparkTypography-paragraph-md-56 SparkTypography-tertiaryBlue2-38 pos-2 MuiTypography-body1"
      >
        14px/20px
        <br />
        Regular
      </p>
      <pre
        className="MuiTypography-root SparkTypography-root-31 SparkTypography-code-sm-60 SparkTypography-textOnLight-36 pos-3 MuiTypography-body1"
      >
        &lt;script&gt;
  let mystring = 'abc123';
&lt;/script&gt;

&lt;h1&gt;This is {myString}&lt;/h1&gt;
      </pre>
    </div>
  </div>
</div>
`;
